# Find a path with non-existing child node

loaded graph childNE

unknown: n2