# Find a path with non-existing parent node

loaded graph parentNE

unknown: n2