# createGraph testing file
# Tests that a graph can be created,
# and an empty node list can be printed out

# Create a graph
created graph g1

# Print the nodes in the graph
g1 contains: