# nodeListOrder testing file
# Tests that a graph can be created,
# three nodes can be added to the graph,
# and a list of nodes can be printed out in correct order

# Create a graph
created graph g1

# Add three nodes
added node n1 to g1
added node n2 to g1
added node n3 to g1

# Print the nodes in the graph
g1 contains: n1 n2 n3