# find path in an empty graph

created graph g

unknown: n1
unknown: n2