# find a non-existing path

created graph g

added node n1 to g
added node n2 to g
added node n3 to g

added edge 1.111 from n1 to n2 in g

path from n2 to n3:
no path found