# addTwoNodes testing file
# Tests that a graph can be created,
# and two nodes can be added to the graph

# Create a graph
created graph g1

# Add two nodes
added node n1 to g1
added node n2 to g1

# Print the nodes in the graph
g1 contains: n1 n2