# find path in a cyclic graph

created graph g

added node n1 to g
added node n2 to g
added node n3 to g

added edge 1.111 from n1 to n2 in g
added edge 1.111 from n2 to n3 in g
added edge 1.111 from n3 to n1 in g

path from n1 to n1:
total cost: 0.000