# find the shortest path with only one route

created graph g

added node n1 to g
added node n2 to g
added node n3 to g

added edge 1.111 from n1 to n2 in g
added edge 2.222 from n1 to n2 in g
added edge 3.333 from n2 to n3 in g
added edge 4.444 from n2 to n3 in g

path from n1 to n3:
n1 to n2 with weight 1.111
n2 to n3 with weight 3.333
total cost: 4.444