# find path when parent node does not exist

created graph g

added node n1 to g
added node n2 to g

added edge 1.111 from n1 to n2 in g

unknown: n3
