# test two nodes with a single path

created graph g

added node n1 to g
added node n2 to g

added edge 1.111 from n1 to n2 in g

path from n1 to n2:
n1 to n2 with weight 1.111
total cost: 1.111